============================================================
  Generated by:           Genus(TM) Synthesis Solution 21.14-s082_1
  Generated on:           Aug 22 2026  08:12:10 pm
  Module:                 ahb2apb_bridge_async
  Operating conditions:   slow 
  Interconnect mode:      global
  Area mode:              physical library
============================================================

                                            Library 
   Gate    Instances    Area      Library    Domain 
----------------------------------------------------
ADDHX2             1     5.130    gpdk045bc slow_tc 
ADDHXL             1     4.788    gpdk045bc slow_tc 
AND2X1             6    10.260    gpdk045bc slow_tc 
AND2X2             5    10.260    gpdk045bc slow_tc 
AND2X4             1     3.078    gpdk045bc slow_tc 
AND2X6             1     3.762    gpdk045bc slow_tc 
AND3X1             2     4.788    gpdk045bc slow_tc 
AND3X6             4    17.784    gpdk045bc slow_tc 
AO21X1             3     7.182    gpdk045bc slow_tc 
AO22X2             1     3.078    gpdk045bc slow_tc 
AO22XL            65   177.840    gpdk045bc slow_tc 
AOI211X2           2     6.840    gpdk045bc slow_tc 
AOI21X1            1     2.052    gpdk045bc slow_tc 
AOI21X2            1     2.736    gpdk045bc slow_tc 
AOI221X1          66   203.148    gpdk045bc slow_tc 
AOI22X1           65   155.610    gpdk045bc slow_tc 
AOI2BB1X1          1     2.052    gpdk045bc slow_tc 
AOI2BB2X1          1     3.420    gpdk045bc slow_tc 
AOI31X2            1     3.420    gpdk045bc slow_tc 
BUFX2              1     1.710    gpdk045bc slow_tc 
DFFRHQX2          97   763.002    gpdk045bc slow_tc 
DFFRX2            12   102.600    gpdk045bc slow_tc 
INVX1             23    15.929    gpdk045bc slow_tc 
INVX2              1     1.043    gpdk045bc slow_tc 
INVX3              3     4.181    gpdk045bc slow_tc 
INVX4             31    54.070    gpdk045bc slow_tc 
INVX6              3     6.284    gpdk045bc slow_tc 
MX2XL              1     2.736    gpdk045bc slow_tc 
MXI2X1             1     2.736    gpdk045bc slow_tc 
NAND2BX2           1     2.155    gpdk045bc slow_tc 
NAND2X1           70    73.017    gpdk045bc slow_tc 
NAND3X4            1     4.788    gpdk045bc slow_tc 
NOR2BX1           63   107.730    gpdk045bc slow_tc 
NOR2BX4            1     3.762    gpdk045bc slow_tc 
NOR2X1             4     5.472    gpdk045bc slow_tc 
NOR2XL             1     1.026    gpdk045bc slow_tc 
OA21X1             2     4.788    gpdk045bc slow_tc 
OAI21X1            2     4.104    gpdk045bc slow_tc 
OAI22X1            2     4.788    gpdk045bc slow_tc 
OAI2BB1X1          1     2.052    gpdk045bc slow_tc 
OR2X1              2     3.420    gpdk045bc slow_tc 
OR2X2             35    71.820    gpdk045bc slow_tc 
OR2X4              2     6.156    gpdk045bc slow_tc 
OR2X6              1     4.104    gpdk045bc slow_tc 
OR3X1              2     4.104    gpdk045bc slow_tc 
OR3X2              1     2.394    gpdk045bc slow_tc 
SDFFQX1          392  2949.408    gpdk045bc slow_tc 
SDFFRHQX1         74   708.624    gpdk045bc slow_tc 
XNOR2X1            9    27.702    gpdk045bc slow_tc 
XOR2X1            10    30.780    gpdk045bc slow_tc 
----------------------------------------------------
total           1077  5603.713              


                                         
     Type      Instances   Area   Area % 
-----------------------------------------
sequential           575 4523.634   80.7 
inverter              61   81.507    1.5 
buffer                 1    1.710    0.0 
logic                440  996.862   17.8 
physical_cells         0    0.000    0.0 
-----------------------------------------
total               1077 5603.713  100.0 

