============================================================
  Generated by:           Genus(TM) Synthesis Solution 21.14-s082_1
  Generated on:           Aug 22 2026  08:12:09 pm
  Module:                 ahb2apb_bridge_async
  Operating conditions:   slow 
  Interconnect mode:      global
  Area mode:              physical library
============================================================


Path 1: MET (503 ps) Late External Delay Assertion at pin HRDATA[0]
          Group: HCLK
     Startpoint: (R) u_rx_fifo_wq2_gray_reg[2]/CK
          Clock: (R) HCLK
       Endpoint: (F) HRDATA[0]
          Clock: (R) HCLK

                     Capture       Launch     
        Clock Edge:+    4000            0     
       Src Latency:+       0            0     
       Net Latency:+       0 (I)        0 (I) 
           Arrival:=    4000            0     
                                              
      Output Delay:-    1200                  
       Uncertainty:-     150                  
     Required Time:=    2650                  
      Launch Clock:-       0                  
         Data Path:-    2147                  
             Slack:=     503                  

Exceptions/Constraints:
  output_delay             1200            ahb2apb_async.sdc_line_76_101_1 

#-----------------------------------------------------------------------------------------------------
#        Timing Point          Flags   Arc   Edge   Cell     Fanout Load Trans Delay Arrival Instance 
#                                                                   (fF)  (ps)  (ps)   (ps)  Location 
#-----------------------------------------------------------------------------------------------------
  u_rx_fifo_wq2_gray_reg[2]/CK -       -     R     (arrival)    319    -    50     0       0    (-,-) 
  u_rx_fifo_wq2_gray_reg[2]/Q  -       CK->Q R     DFFRHQX2       2  6.9    84   314     314    (-,-) 
  g20442__1666/Y               -       A->Y  F     XNOR2X1        3 11.1   207   283     596    (-,-) 
  g20408__2346/Y               -       B->Y  R     XNOR2X1        1  4.9   101   254     851    (-,-) 
  g20403__4733/Y               -       B->Y  F     XNOR2X1        1  5.3   115   195    1046    (-,-) 
  g20400__1881/Y               -       C0->Y R     AOI211X2       2  9.4   278   176    1223    (-,-) 
  g20398__7098/Y               -       B->Y  F     NOR2BX4        8 26.2   162   161    1384    (-,-) 
  g20396__1617/Y               -       C->Y  F     AND3X6        33 83.4   251   235    1618    (-,-) 
  g20330__5526/Y               -       A1->Y F     AO22XL         1  4.4   153   264    1882    (-,-) 
  g20272__6417/Y               -       A->Y  F     OR2X2          1 23.8   223   264    2146    (-,-) 
  HRDATA[0]                    <<<     -     F     (port)         -    -     -     0    2147    (-,-) 
#-----------------------------------------------------------------------------------------------------

