###############################################################
#  Generated by:      Cadence Innovus 21.15-s110_1
#  OS:                Linux x86_64(Host ID bhawani.iitg.ac.in)
#  Generated on:      Sun Aug 23 20:14:34 2026
#  Design:            ahb2apb_bridge_async
#  Command:           report_timing -early -max_paths 5 > ../reports/cts_timing_hold.rpt
###############################################################
Path 1: VIOLATED Removal Check with Pin u_ahb_slave_if_hwrite_reg_reg/CK 
Endpoint:   u_ahb_slave_if_hwrite_reg_reg/RN (^) checked with  leading edge of 
'HCLK'
Beginpoint: u_hreset_sync_sync_rst_n_reg/Q   (^) triggered by  leading edge of 
'HCLK'
Path Groups: {async_default}
Analysis View: hold_view
Other End Arrival Time         -0.012
+ Removal                       0.058
+ Phase Shift                   0.000
- CPPR Adjustment               0.000
+ Uncertainty                   0.080
= Required Time                 0.127
  Arrival Time                  0.110
  Slack Time                   -0.017
     Clock Rise Edge                 0.000
     + Clock Network Latency (Prop)  -0.010
     = Beginpoint Arrival Time       -0.010
     +--------------------------------------------------------------------------------------+ 
     |           Instance            |     Arc     |   Cell    | Delay | Arrival | Required | 
     |                               |             |           |       |  Time   |   Time   | 
     |-------------------------------+-------------+-----------+-------+---------+----------| 
     | u_hreset_sync_sync_rst_n_reg  | CK ^        |           |       |  -0.010 |    0.007 | 
     | u_hreset_sync_sync_rst_n_reg  | CK ^ -> Q ^ | DFFRHQX2  | 0.119 |   0.109 |    0.126 | 
     | u_ahb_slave_if_hwrite_reg_reg | RN ^        | SDFFRHQX1 | 0.001 |   0.110 |    0.127 | 
     +--------------------------------------------------------------------------------------+ 
Path 2: VIOLATED Hold Check with Pin u_rx_fifo_wq2_gray_reg[1]/CK 
Endpoint:   u_rx_fifo_wq2_gray_reg[1]/D (v) checked with  leading edge of 'HCLK'
Beginpoint: u_rx_fifo_wq1_gray_reg[1]/Q (v) triggered by  leading edge of 'HCLK'
Path Groups: {HCLK}
Analysis View: hold_view
Other End Arrival Time         -0.000
+ Hold                          0.031
+ Phase Shift                   0.000
- CPPR Adjustment               0.000
+ Uncertainty                   0.080
= Required Time                 0.111
  Arrival Time                  0.094
  Slack Time                   -0.017
     Clock Rise Edge                 0.000
     + Clock Network Latency (Prop)  -0.000
     = Beginpoint Arrival Time       -0.000
     +---------------------------------------------------------------------------------+ 
     |         Instance          |     Arc     |   Cell   | Delay | Arrival | Required | 
     |                           |             |          |       |  Time   |   Time   | 
     |---------------------------+-------------+----------+-------+---------+----------| 
     | u_rx_fifo_wq1_gray_reg[1] | CK ^        |          |       |  -0.000 |    0.017 | 
     | u_rx_fifo_wq1_gray_reg[1] | CK ^ -> Q v | DFFRHQX2 | 0.094 |   0.094 |    0.111 | 
     | u_rx_fifo_wq2_gray_reg[1] | D v         | DFFRHQX2 | 0.000 |   0.094 |    0.111 | 
     +---------------------------------------------------------------------------------+ 
Path 3: VIOLATED Removal Check with Pin u_ahb_slave_if_haddr_reg_reg[0]/CK 
Endpoint:   u_ahb_slave_if_haddr_reg_reg[0]/RN (^) checked with  leading edge 
of 'HCLK'
Beginpoint: u_hreset_sync_sync_rst_n_reg/Q     (^) triggered by  leading edge 
of 'HCLK'
Path Groups: {async_default}
Analysis View: hold_view
Other End Arrival Time         -0.011
+ Removal                       0.058
+ Phase Shift                   0.000
- CPPR Adjustment               0.000
+ Uncertainty                   0.080
= Required Time                 0.127
  Arrival Time                  0.111
  Slack Time                   -0.017
     Clock Rise Edge                 0.000
     + Clock Network Latency (Prop)  -0.010
     = Beginpoint Arrival Time       -0.010
     +----------------------------------------------------------------------------------------+ 
     |            Instance             |     Arc     |   Cell    | Delay | Arrival | Required | 
     |                                 |             |           |       |  Time   |   Time   | 
     |---------------------------------+-------------+-----------+-------+---------+----------| 
     | u_hreset_sync_sync_rst_n_reg    | CK ^        |           |       |  -0.010 |    0.007 | 
     | u_hreset_sync_sync_rst_n_reg    | CK ^ -> Q ^ | DFFRHQX2  | 0.119 |   0.109 |    0.125 | 
     | u_ahb_slave_if_haddr_reg_reg[0] | RN ^        | SDFFRHQX1 | 0.002 |   0.111 |    0.127 | 
     +----------------------------------------------------------------------------------------+ 
Path 4: VIOLATED Removal Check with Pin u_ahb_slave_if_haddr_reg_reg[2]/CK 
Endpoint:   u_ahb_slave_if_haddr_reg_reg[2]/RN (^) checked with  leading edge 
of 'HCLK'
Beginpoint: u_hreset_sync_sync_rst_n_reg/Q     (^) triggered by  leading edge 
of 'HCLK'
Path Groups: {async_default}
Analysis View: hold_view
Other End Arrival Time         -0.011
+ Removal                       0.058
+ Phase Shift                   0.000
- CPPR Adjustment               0.000
+ Uncertainty                   0.080
= Required Time                 0.127
  Arrival Time                  0.111
  Slack Time                   -0.017
     Clock Rise Edge                 0.000
     + Clock Network Latency (Prop)  -0.010
     = Beginpoint Arrival Time       -0.010
     +----------------------------------------------------------------------------------------+ 
     |            Instance             |     Arc     |   Cell    | Delay | Arrival | Required | 
     |                                 |             |           |       |  Time   |   Time   | 
     |---------------------------------+-------------+-----------+-------+---------+----------| 
     | u_hreset_sync_sync_rst_n_reg    | CK ^        |           |       |  -0.010 |    0.007 | 
     | u_hreset_sync_sync_rst_n_reg    | CK ^ -> Q ^ | DFFRHQX2  | 0.119 |   0.109 |    0.125 | 
     | u_ahb_slave_if_haddr_reg_reg[2] | RN ^        | SDFFRHQX1 | 0.002 |   0.111 |    0.127 | 
     +----------------------------------------------------------------------------------------+ 
Path 5: VIOLATED Removal Check with Pin u_ahb_slave_if_haddr_reg_reg[1]/CK 
Endpoint:   u_ahb_slave_if_haddr_reg_reg[1]/RN (^) checked with  leading edge 
of 'HCLK'
Beginpoint: u_hreset_sync_sync_rst_n_reg/Q     (^) triggered by  leading edge 
of 'HCLK'
Path Groups: {async_default}
Analysis View: hold_view
Other End Arrival Time         -0.011
+ Removal                       0.058
+ Phase Shift                   0.000
- CPPR Adjustment               0.000
+ Uncertainty                   0.080
= Required Time                 0.127
  Arrival Time                  0.111
  Slack Time                   -0.017
     Clock Rise Edge                 0.000
     + Clock Network Latency (Prop)  -0.010
     = Beginpoint Arrival Time       -0.010
     +----------------------------------------------------------------------------------------+ 
     |            Instance             |     Arc     |   Cell    | Delay | Arrival | Required | 
     |                                 |             |           |       |  Time   |   Time   | 
     |---------------------------------+-------------+-----------+-------+---------+----------| 
     | u_hreset_sync_sync_rst_n_reg    | CK ^        |           |       |  -0.010 |    0.007 | 
     | u_hreset_sync_sync_rst_n_reg    | CK ^ -> Q ^ | DFFRHQX2  | 0.119 |   0.109 |    0.125 | 
     | u_ahb_slave_if_haddr_reg_reg[1] | RN ^        | SDFFRHQX1 | 0.002 |   0.111 |    0.127 | 
     +----------------------------------------------------------------------------------------+ 

