###############################################################
#  Generated by:      Cadence Innovus 21.15-s110_1
#  OS:                Linux x86_64(Host ID bhawani.iitg.ac.in)
#  Generated on:      Sun Aug 23 20:14:33 2026
#  Design:            ahb2apb_bridge_async
#  Command:           report_timing -late  -max_paths 5 > ../reports/cts_timing_setup.rpt
###############################################################
Path 1: MET Late External Delay Assertion 
Endpoint:   HRDATA[15]                  (v) checked with  leading edge of 'HCLK'
Beginpoint: u_rx_fifo_wq2_gray_reg[2]/Q (^) triggered by  leading edge of 'HCLK'
Path Groups: {HCLK}
Analysis View: setup_view
Other End Arrival Time          0.000
- External Delay                1.200
+ Phase Shift                   4.000
+ CPPR Adjustment               0.000
- Uncertainty                   0.150
= Required Time                 2.650
- Arrival Time                  1.712
= Slack Time                    0.938
     Clock Rise Edge                 0.000
     + Clock Network Latency (Prop)  -0.001
     = Beginpoint Arrival Time       -0.001
     +----------------------------------------------------------------------------------+ 
     |         Instance          |     Arc      |   Cell   | Delay | Arrival | Required | 
     |                           |              |          |       |  Time   |   Time   | 
     |---------------------------+--------------+----------+-------+---------+----------| 
     | u_rx_fifo_wq2_gray_reg[2] | CK ^         |          |       |  -0.001 |    0.937 | 
     | u_rx_fifo_wq2_gray_reg[2] | CK ^ -> Q ^  | DFFRHQX2 | 0.315 |   0.314 |    1.252 | 
     | g20442__1666              | A ^ -> Y v   | XNOR2X1  | 0.218 |   0.532 |    1.470 | 
     | g20408__2346              | B v -> Y ^   | XNOR2X1  | 0.196 |   0.729 |    1.666 | 
     | g20403__4733              | B ^ -> Y v   | XNOR2X1  | 0.145 |   0.874 |    1.811 | 
     | g20400__1881              | C0 v -> Y ^  | AOI211X2 | 0.102 |   0.976 |    1.914 | 
     | g20398__7098              | B ^ -> Y v   | NOR2BX4  | 0.102 |   1.078 |    2.015 | 
     | g20397__3680              | C v -> Y v   | AND3X6   | 0.166 |   1.244 |    2.181 | 
     | g20310__1881              | A1 v -> Y v  | AO22XL   | 0.217 |   1.461 |    2.398 | 
     | g20262__2346              | A v -> Y v   | OR2X2    | 0.249 |   1.710 |    2.647 | 
     |                           | HRDATA[15] v |          | 0.003 |   1.712 |    2.650 | 
     +----------------------------------------------------------------------------------+ 
Path 2: MET Late External Delay Assertion 
Endpoint:   HRDATA[31]                  (v) checked with  leading edge of 'HCLK'
Beginpoint: u_rx_fifo_wq2_gray_reg[2]/Q (^) triggered by  leading edge of 'HCLK'
Path Groups: {HCLK}
Analysis View: setup_view
Other End Arrival Time          0.000
- External Delay                1.200
+ Phase Shift                   4.000
+ CPPR Adjustment               0.000
- Uncertainty                   0.150
= Required Time                 2.650
- Arrival Time                  1.704
= Slack Time                    0.946
     Clock Rise Edge                 0.000
     + Clock Network Latency (Prop)  -0.001
     = Beginpoint Arrival Time       -0.001
     +----------------------------------------------------------------------------------+ 
     |         Instance          |     Arc      |   Cell   | Delay | Arrival | Required | 
     |                           |              |          |       |  Time   |   Time   | 
     |---------------------------+--------------+----------+-------+---------+----------| 
     | u_rx_fifo_wq2_gray_reg[2] | CK ^         |          |       |  -0.001 |    0.946 | 
     | u_rx_fifo_wq2_gray_reg[2] | CK ^ -> Q ^  | DFFRHQX2 | 0.315 |   0.314 |    1.261 | 
     | g20442__1666              | A ^ -> Y v   | XNOR2X1  | 0.218 |   0.532 |    1.479 | 
     | g20408__2346              | B v -> Y ^   | XNOR2X1  | 0.196 |   0.729 |    1.675 | 
     | g20403__4733              | B ^ -> Y v   | XNOR2X1  | 0.145 |   0.874 |    1.820 | 
     | g20400__1881              | C0 v -> Y ^  | AOI211X2 | 0.102 |   0.976 |    1.922 | 
     | g20398__7098              | B ^ -> Y v   | NOR2BX4  | 0.102 |   1.078 |    2.024 | 
     | g20396__1617              | C v -> Y v   | AND3X6   | 0.159 |   1.237 |    2.183 | 
     | g20315__9315              | A1 v -> Y v  | AO22XL   | 0.215 |   1.452 |    2.398 | 
     | g20243__7482              | A v -> Y v   | OR2X2    | 0.250 |   1.701 |    2.648 | 
     |                           | HRDATA[31] v |          | 0.002 |   1.704 |    2.650 | 
     +----------------------------------------------------------------------------------+ 
Path 3: MET Late External Delay Assertion 
Endpoint:   HRDATA[1]                   (v) checked with  leading edge of 'HCLK'
Beginpoint: u_rx_fifo_wq2_gray_reg[2]/Q (^) triggered by  leading edge of 'HCLK'
Path Groups: {HCLK}
Analysis View: setup_view
Other End Arrival Time          0.000
- External Delay                1.200
+ Phase Shift                   4.000
+ CPPR Adjustment               0.000
- Uncertainty                   0.150
= Required Time                 2.650
- Arrival Time                  1.701
= Slack Time                    0.949
     Clock Rise Edge                 0.000
     + Clock Network Latency (Prop)  -0.001
     = Beginpoint Arrival Time       -0.001
     +---------------------------------------------------------------------------------+ 
     |         Instance          |     Arc     |   Cell   | Delay | Arrival | Required | 
     |                           |             |          |       |  Time   |   Time   | 
     |---------------------------+-------------+----------+-------+---------+----------| 
     | u_rx_fifo_wq2_gray_reg[2] | CK ^        |          |       |  -0.001 |    0.949 | 
     | u_rx_fifo_wq2_gray_reg[2] | CK ^ -> Q ^ | DFFRHQX2 | 0.315 |   0.314 |    1.264 | 
     | g20442__1666              | A ^ -> Y v  | XNOR2X1  | 0.218 |   0.532 |    1.481 | 
     | g20408__2346              | B v -> Y ^  | XNOR2X1  | 0.196 |   0.729 |    1.678 | 
     | g20403__4733              | B ^ -> Y v  | XNOR2X1  | 0.145 |   0.874 |    1.823 | 
     | g20400__1881              | C0 v -> Y ^ | AOI211X2 | 0.102 |   0.976 |    1.925 | 
     | g20398__7098              | B ^ -> Y v  | NOR2BX4  | 0.102 |   1.078 |    2.027 | 
     | g20396__1617              | C v -> Y v  | AND3X6   | 0.159 |   1.237 |    2.186 | 
     | g20325__2398              | A1 v -> Y v | AO22XL   | 0.215 |   1.452 |    2.401 | 
     | g20257__1881              | A v -> Y v  | OR2X2    | 0.246 |   1.698 |    2.648 | 
     |                           | HRDATA[1] v |          | 0.002 |   1.701 |    2.650 | 
     +---------------------------------------------------------------------------------+ 
Path 4: MET Late External Delay Assertion 
Endpoint:   HRDATA[19]                  (v) checked with  leading edge of 'HCLK'
Beginpoint: u_rx_fifo_wq2_gray_reg[2]/Q (^) triggered by  leading edge of 'HCLK'
Path Groups: {HCLK}
Analysis View: setup_view
Other End Arrival Time          0.000
- External Delay                1.200
+ Phase Shift                   4.000
+ CPPR Adjustment               0.000
- Uncertainty                   0.150
= Required Time                 2.650
- Arrival Time                  1.695
= Slack Time                    0.955
     Clock Rise Edge                 0.000
     + Clock Network Latency (Prop)  -0.001
     = Beginpoint Arrival Time       -0.001
     +----------------------------------------------------------------------------------+ 
     |         Instance          |     Arc      |   Cell   | Delay | Arrival | Required | 
     |                           |              |          |       |  Time   |   Time   | 
     |---------------------------+--------------+----------+-------+---------+----------| 
     | u_rx_fifo_wq2_gray_reg[2] | CK ^         |          |       |  -0.001 |    0.954 | 
     | u_rx_fifo_wq2_gray_reg[2] | CK ^ -> Q ^  | DFFRHQX2 | 0.315 |   0.314 |    1.269 | 
     | g20442__1666              | A ^ -> Y v   | XNOR2X1  | 0.218 |   0.532 |    1.487 | 
     | g20408__2346              | B v -> Y ^   | XNOR2X1  | 0.196 |   0.729 |    1.684 | 
     | g20403__4733              | B ^ -> Y v   | XNOR2X1  | 0.145 |   0.874 |    1.829 | 
     | g20400__1881              | C0 v -> Y ^  | AOI211X2 | 0.102 |   0.976 |    1.931 | 
     | g20398__7098              | B ^ -> Y v   | NOR2BX4  | 0.102 |   1.078 |    2.033 | 
     | g20397__3680              | C v -> Y v   | AND3X6   | 0.166 |   1.244 |    2.199 | 
     | g20339__6131              | A1 v -> Y v  | AO22XL   | 0.205 |   1.449 |    2.404 | 
     | g20261__5526              | A v -> Y v   | OR2X2    | 0.244 |   1.692 |    2.647 | 
     |                           | HRDATA[19] v |          | 0.003 |   1.695 |    2.650 | 
     +----------------------------------------------------------------------------------+ 
Path 5: MET Late External Delay Assertion 
Endpoint:   HRDATA[5]                   (v) checked with  leading edge of 'HCLK'
Beginpoint: u_rx_fifo_wq2_gray_reg[2]/Q (^) triggered by  leading edge of 'HCLK'
Path Groups: {HCLK}
Analysis View: setup_view
Other End Arrival Time          0.000
- External Delay                1.200
+ Phase Shift                   4.000
+ CPPR Adjustment               0.000
- Uncertainty                   0.150
= Required Time                 2.650
- Arrival Time                  1.693
= Slack Time                    0.957
     Clock Rise Edge                 0.000
     + Clock Network Latency (Prop)  -0.001
     = Beginpoint Arrival Time       -0.001
     +---------------------------------------------------------------------------------+ 
     |         Instance          |     Arc     |   Cell   | Delay | Arrival | Required | 
     |                           |             |          |       |  Time   |   Time   | 
     |---------------------------+-------------+----------+-------+---------+----------| 
     | u_rx_fifo_wq2_gray_reg[2] | CK ^        |          |       |  -0.001 |    0.956 | 
     | u_rx_fifo_wq2_gray_reg[2] | CK ^ -> Q ^ | DFFRHQX2 | 0.315 |   0.314 |    1.271 | 
     | g20442__1666              | A ^ -> Y v  | XNOR2X1  | 0.218 |   0.532 |    1.489 | 
     | g20408__2346              | B v -> Y ^  | XNOR2X1  | 0.196 |   0.729 |    1.685 | 
     | g20403__4733              | B ^ -> Y v  | XNOR2X1  | 0.145 |   0.874 |    1.831 | 
     | g20400__1881              | C0 v -> Y ^ | AOI211X2 | 0.102 |   0.976 |    1.933 | 
     | g20398__7098              | B ^ -> Y v  | NOR2BX4  | 0.102 |   1.078 |    2.035 | 
     | g20396__1617              | C v -> Y v  | AND3X6   | 0.159 |   1.237 |    2.193 | 
     | g20332__3680              | A1 v -> Y v | AO22XL   | 0.216 |   1.453 |    2.410 | 
     | g20251__5107              | A v -> Y v  | OR2X2    | 0.238 |   1.691 |    2.648 | 
     |                           | HRDATA[5] v |          | 0.002 |   1.693 |    2.650 | 
     +---------------------------------------------------------------------------------+ 

