###############################################################
#  Generated by:      Cadence Innovus 21.15-s110_1
#  OS:                Linux x86_64(Host ID bhawani.iitg.ac.in)
#  Generated on:      Sun Aug 23 20:39:34 2026
#  Design:            ahb2apb_bridge_async
#  Command:           report_route -summary > ../reports/route_summary.rpt
###############################################################


Statistics for design ahb2apb_bridge_async :

+-------------------+----------+
|   Design Metric   |   Count  |
+-------------------+----------+
|   Instances       |    1231  |
|   Nets            |    1351  |
|   Tri-State Nets  |       0  |
|   Degen nets      |       0  |
|   Pins            |    5309  |
|   I/O Terminals   |     215  |
+-------------------+----------+


Net Pin Statistics :

+------------------+----------------+---------------+
|     Number of    |    Number of   |   Percentage  |
|  Connected Pins  |      Nets      |    of Nets    |
+------------------+----------------+---------------+
|              1   |            0   |       0.000   |
|              2   |          622   |      46.040   |
|              3   |          542   |      40.118   |
|              4   |           21   |       1.554   |
|              5   |           85   |       2.221   |
|              6   |           30   |       2.221   |
|              7   |            1   |       0.074   |
|              8   |            0   |       0.000   |
|              9   |            2   |       0.148   |
|           >=10   |           48   |       3.553   |
+------------------+----------------+---------------+


Wire Length Statistics :

+----------------+-----------------+
|   Layer Name   |   Wire Length   |
+----------------+-----------------+
|     Metal1     |     5873.69 um  |
|     Metal2     |     9051.58 um  |
|     Metal3     |    13421.93 um  |
|     Metal4     |     4368.55 um  |
|     Metal5     |      198.79 um  |
|     Metal6     |        0.00 um  |
|     Metal7     |        0.00 um  |
|     Metal8     |        0.00 um  |
|     Metal9     |        0.00 um  |
+----------------+-----------------+
|     Total      |   32914.545 um  |
+----------------+-----------------+


Via Count Statistics :

+----------------+---------+
|  Via-cut Name  |  Count  |
+----------------+---------+
|   Poly(Cont)   |      0  |
|  Metal1(Via1)  |   4751  |
|  Metal2(Via2)  |   1899  |
|  Metal3(Via3)  |    666  |
|  Metal4(Via4)  |     27  |
|  Metal5(Via5)  |      0  |
|  Metal6(Via6)  |      0  |
|  Metal7(Via7)  |      0  |
|  Metal8(Via8)  |      0  |
+----------------+---------+
|     Total      |   7343  |
+----------------+---------+




*** Net length and connection length statistics (cell ahb2apb_bridge_async) ***

Total net length = 27516.665 (16666.540 10850.125)

Avg net length = 20.368 (sigma = 26.933)
Sqrt of avg square net length = 33.767

Avg connection length = 6.952 (sigma = 9.461)
Sqrt of avg square connection length = 11.741

Net and connection length distribution:

+-----------------------+------------------+-------------------+
|                       |  Number of Nets  |   Number of Nets  |
|     Length Range      |       with       |        with       |
|                       |    Wire Length   |  Fly-line Length  |
+-----------------------+------------------+-------------------+
|     0.00 um - 4.00 um |             212  |              620  |
|     4.00 um - 8.00 um |             521  |              303  |
|    8.00 um - 12.00 um |             168  |               79  |
|   12.00 um - 16.00 um |              68  |               81  |
|   16.00 um - 20.00 um |              36  |               72  |
|   20.00 um - 24.00 um |              23  |               44  |
|   24.00 um - 28.00 um |              22  |               38  |
|   28.00 um - 32.00 um |              26  |               34  |
|   32.00 um - 36.00 um |              18  |               23  |
|   36.00 um - 40.00 um |              16  |               12  |
|   40.00 um - 44.00 um |              15  |               12  |
|   44.00 um - 48.00 um |              17  |                7  |
|   48.00 um - 52.00 um |              12  |                4  |
|   52.00 um - 56.00 um |              17  |                6  |
|   56.00 um - 60.00 um |              18  |                3  |
|   60.00 um - 64.00 um |              20  |                3  |
|   64.00 um - 68.00 um |               9  |                0  |
|   68.00 um - 72.00 um |              15  |                1  |
|   72.00 um - 76.00 um |              18  |                2  |
|   76.00 um - 80.00 um |              12  |                1  |
|   80.00 um - 84.00 um |              13  |                0  |
|   84.00 um - 88.00 um |              17  |                1  |
|   88.00 um - 92.00 um |              15  |                0  |
|   92.00 um - 96.00 um |               9  |                1  |
|  96.00 um - 100.00 um |               6  |                0  |
| 100.00 um - 104.00 um |               8  |                2  |
| 104.00 um - 108.00 um |               5  |                0  |
| 108.00 um - 112.00 um |               5  |                1  |
| 112.00 um - 116.00 um |               4  |                1  |
| 120.00 um - 124.00 um |               1  |                0  |
| 124.00 um - 128.00 um |               1  |                0  |
| 128.00 um - 132.00 um |               3  |                0  |
| 140.00 um - 144.00 um |               1  |                0  |
+-----------------------+------------------+-------------------+


Total number of long connections = 0
Io: nrCon=0


